// Snapshot v1

exports[`complex-props-scoped > should correctly server side render complex props 1`] = `
"
<div id="complex-props-scoped">
  <my-complex-props-scoped
    grault="Infinity"
    class="sc-my-complex-props-scoped-h hydrated"
    s-id="x"
  >
    <ul
      class="sc-my-complex-props-scoped"
      c-id="x"
    >
      <li
        class="sc-my-complex-props-scoped"
        c-id="x"
      >
        this.foo.bar: baz
      </li>
      <li
        class="sc-my-complex-props-scoped"
        c-id="x"
      >
        this.foo.loo: 1, 2, 3
      </li>
      <li
        class="sc-my-complex-props-scoped"
        c-id="x"
      >
        this.foo.qux: symbol
      </li>
      <li
        class="sc-my-complex-props-scoped"
        c-id="x"
      >
        this.baz.get('foo'): symbol
      </li>
      <li
        class="sc-my-complex-props-scoped"
        c-id="x"
      >
        this.quux.has('foo'): true
      </li>
      <li
        class="sc-my-complex-props-scoped"
        c-id="x"
      >
        this.grault: true
      </li>
      <li
        class="sc-my-complex-props-scoped"
        c-id="x"
      >
        this.waldo: true
      </li>
    </ul>
  </my-complex-props-scoped>
</div>
"
`;

exports[`complex-props-shadow > should correctly server side render complex props 1`] = `
"
<div id="complex-props-shadow">
  <my-complex-props
    grault="Infinity"
    class="sc-my-complex-props-h hydrated"
    s-id="x"
  >
    <template shadowrootmode="open">
      <ul
        class="sc-my-complex-props"
        c-id="x"
      >
        <li
          class="sc-my-complex-props"
          c-id="x"
        >
          this.foo.bar: baz
        </li>
        <li
          class="sc-my-complex-props"
          c-id="x"
        >
          this.foo.loo: 1, 2, 3
        </li>
        <li
          class="sc-my-complex-props"
          c-id="x"
        >
          this.foo.qux: symbol
        </li>
        <li
          class="sc-my-complex-props"
          c-id="x"
        >
          this.baz.get('foo'): symbol
        </li>
        <li
          class="sc-my-complex-props"
          c-id="x"
        >
          this.quux.has('foo'): true
        </li>
        <li
          class="sc-my-complex-props"
          c-id="x"
        >
          this.grault: true
        </li>
        <li
          class="sc-my-complex-props"
          c-id="x"
        >
          this.waldo: true
        </li>
      </ul>
    </template>
  </my-complex-props>
</div>
"
`;

exports[`nested-shadow > should correctly server side render 1`] = `
"
<div id="nested-shadow">
  <my-list
    class="sc-my-list-h hydrated"
    s-id="x"
  >
    <template shadowrootmode="open">
      <ul
        class="sc-my-list"
        c-id="x"
      >
        <slot
          class="sc-my-list"
          c-id="x"
        >
        </slot>
      </ul>
    </template>
    <my-list-item
      class="sc-my-list-item-h hydrated"
      s-id="x"
    >
      <template shadowrootmode="open">
        <li
          class="sc-my-list-item"
          c-id="x"
        >
          <slot
            class="sc-my-list-item"
            c-id="x"
          >
          </slot>
        </li>
      </template>
      Foo Shadow
    </my-list-item>
    <my-list-item
      class="sc-my-list-item-h hydrated"
      s-id="x"
    >
      <template shadowrootmode="open">
        <li
          class="sc-my-list-item"
          c-id="x"
        >
          <slot
            class="sc-my-list-item"
            c-id="x"
          >
          </slot>
        </li>
      </template>
      Bar Shadow
    </my-list-item>
    <my-list-item
      class="sc-my-list-item-h hydrated"
      s-id="x"
    >
      <template shadowrootmode="open">
        <li
          class="sc-my-list-item"
          c-id="x"
        >
          <slot
            class="sc-my-list-item"
            c-id="x"
          >
          </slot>
        </li>
      </template>
      Loo Shadow
    </my-list-item>
  </my-list>
</div>
"
`;

exports[`single-children-scoped > should correctly server side render 1`] = `
"
<div id="single-children-scoped">
  <my-button-scoped
    fill="outline"
    class="sc-my-button-scoped-h undefined undefined-outline my-activatable my-focusable sc-my-button-scoped hydrated"
    s-id="x"
  >
    <button
      class="button-native sc-my-button-scoped"
      c-id="x"
    >
      <span
        class="button-inner sc-my-button-scoped sc-my-button-scoped-s"
        c-id="x"
      >
        Test
      </span>
    </button>
  </my-button-scoped>
</div>
"
`;

exports[`single-children-shadow > should correctly server side render 1`] = `
"
<div id="single-children-shadow">
  <my-button
    fill="outline"
    class="sc-my-button-h undefined undefined-outline my-activatable my-focusable sc-my-button hydrated"
    s-id="x"
  >
    <button
      class="button-native sc-my-button"
      c-id="x"
    >
      <span
        class="button-inner sc-my-button sc-my-button-s"
        c-id="x"
      >
        Test
      </span>
    </button>
  </my-button>
</div>
"
`;

exports[`style-deduplication-scoped > should server side render component with style tags and precedence attributes 1`] = `
"
<div id="style-deduplication-scoped">
  <my-counter
    start-value="1"
    class="sc-my-counter-h hydrated"
    s-id="x"
  >
    <div
      class="sc-my-counter"
      c-id="x"
    >
      <button
        class="sc-my-counter"
        c-id="x"
      >
        -
      </button>
      <span
        class="sc-my-counter"
        c-id="x"
      >
        1
      </span>
      <button
        class="sc-my-counter"
        c-id="x"
      >
        +
      </button>
    </div>
  </my-counter>
  <my-counter
    start-value="2"
    class="sc-my-counter-h hydrated"
    s-id="x"
  >
    <div
      class="sc-my-counter"
      c-id="x"
    >
      <button
        class="sc-my-counter"
        c-id="x"
      >
        -
      </button>
      <span
        class="sc-my-counter"
        c-id="x"
      >
        2
      </span>
      <button
        class="sc-my-counter"
        c-id="x"
      >
        +
      </button>
    </div>
  </my-counter>
  <my-counter
    start-value="3"
    class="sc-my-counter-h hydrated"
    s-id="x"
  >
    <div
      class="sc-my-counter"
      c-id="x"
    >
      <button
        class="sc-my-counter"
        c-id="x"
      >
        -
      </button>
      <span
        class="sc-my-counter"
        c-id="x"
      >
        3
      </span>
      <button
        class="sc-my-counter"
        c-id="x"
      >
        +
      </button>
    </div>
  </my-counter>
  <my-button
    fill="outline"
    class="sc-my-button-h undefined undefined-outline my-activatable my-focusable sc-my-button hydrated"
    s-id="x"
  >
    <button
      class="button-native sc-my-button"
      c-id="x"
    >
      <span
        class="button-inner sc-my-button sc-my-button-s"
        c-id="x"
      >
        Button 1
      </span>
    </button>
  </my-button>
  <my-button
    fill="solid"
    class="sc-my-button-h undefined undefined-solid my-activatable my-focusable sc-my-button hydrated"
    s-id="x"
  >
    <button
      class="button-native sc-my-button"
      c-id="x"
    >
      <span
        class="button-inner sc-my-button sc-my-button-s"
        c-id="x"
      >
        Button 2
      </span>
    </button>
  </my-button>
  <my-button
    fill="clear"
    class="sc-my-button-h undefined undefined-clear my-activatable my-focusable sc-my-button hydrated"
    s-id="x"
  >
    <button
      class="button-native sc-my-button"
      c-id="x"
    >
      <span
        class="button-inner sc-my-button sc-my-button-s"
        c-id="x"
      >
        Button 3
      </span>
    </button>
  </my-button>
  <my-component
    first="John"
    middle-name="A"
    last="Doe"
    class="sc-my-component-h hydrated"
    s-id="x"
  >
    <div
      class="sc-my-component"
      c-id="x"
    >
      Hello, World! I'm John A Doe
    </div>
  </my-component>
  <my-component
    first="Jane"
    middle-name="B"
    last="Smith"
    class="sc-my-component-h hydrated"
    s-id="x"
  >
    <div
      class="sc-my-component"
      c-id="x"
    >
      Hello, World! I'm Jane B Smith
    </div>
  </my-component>
  <my-component
    first="Bob"
    middle-name="C"
    last="Jones"
    class="sc-my-component-h hydrated"
    s-id="x"
  >
    <div
      class="sc-my-component"
      c-id="x"
    >
      Hello, World! I'm Bob C Jones
    </div>
  </my-component>
  <my-radio
    value="option1"
    class="sc-my-radio-h md radio-label-placement-undefined ion-activatable ion-focusable sc-my-radio hydrated"
    role="radio"
    aria-checked="false"
    s-id="x"
  >
    <label
      class="radio-wrapper sc-my-radio"
      c-id="x"
    >
      <div
        class="label-text-wrapper sc-my-radio sc-my-radio-s"
        part="label"
        c-id="x"
      >
        Option 1
      </div>
      <div
        class="native-wrapper sc-my-radio"
        c-id="x"
      >
        <div
          class="radio-icon sc-my-radio"
          part="container"
          c-id="x"
        >
          <div
            class="radio-inner sc-my-radio"
            part="mark"
            c-id="x"
          >
          </div>
          <div
            class="radio-ripple sc-my-radio"
            c-id="x"
          >
          </div>
        </div>
      </div>
    </label>
  </my-radio>
  <my-radio
    value="option2"
    class="sc-my-radio-h md radio-label-placement-undefined ion-activatable ion-focusable sc-my-radio hydrated"
    role="radio"
    aria-checked="false"
    s-id="x"
  >
    <label
      class="radio-wrapper sc-my-radio"
      c-id="x"
    >
      <div
        class="label-text-wrapper sc-my-radio sc-my-radio-s"
        part="label"
        c-id="x"
      >
        Option 2
      </div>
      <div
        class="native-wrapper sc-my-radio"
        c-id="x"
      >
        <div
          class="radio-icon sc-my-radio"
          part="container"
          c-id="x"
        >
          <div
            class="radio-inner sc-my-radio"
            part="mark"
            c-id="x"
          >
          </div>
          <div
            class="radio-ripple sc-my-radio"
            c-id="x"
          >
          </div>
        </div>
      </div>
    </label>
  </my-radio>
  <my-radio
    value="option3"
    class="sc-my-radio-h md radio-label-placement-undefined ion-activatable ion-focusable sc-my-radio hydrated"
    role="radio"
    aria-checked="false"
    s-id="x"
  >
    <label
      class="radio-wrapper sc-my-radio"
      c-id="x"
    >
      <div
        class="label-text-wrapper sc-my-radio sc-my-radio-s"
        part="label"
        c-id="x"
      >
        Option 3
      </div>
      <div
        class="native-wrapper sc-my-radio"
        c-id="x"
      >
        <div
          class="radio-icon sc-my-radio"
          part="container"
          c-id="x"
        >
          <div
            class="radio-inner sc-my-radio"
            part="mark"
            c-id="x"
          >
          </div>
          <div
            class="radio-ripple sc-my-radio"
            c-id="x"
          >
          </div>
        </div>
      </div>
    </label>
  </my-radio>
</div>
"
`;
