// Snapshot v1

exports[`Static Declarative Shadow DOM (DSD) > should render DSD of 'complex-use-client' correctly 1`] = `
"<my-toggle class="hydrated" s-id="7" suppresshydrationwarning="true"
  ><template shadowrootmode="open"
    ><!--r.X--><button c-id="X.0.0.0">
      <!--t.X.1.1.0-->
      Open Modal
    </button>
    <my-toggle-content c-id="X.2.0.1" class="hydrated" s-id="8">
      <template shadowrootmode="open"></template>
      <!--r.X-->
      <slot c-id="X.3.1.0"></slot> </my-toggle-content></template
></my-toggle>
"
`;

exports[`Static Declarative Shadow DOM (DSD) > should render DSD of 'nested' correctly 1`] = `
"<my-list class="hydrated" s-id="17" suppresshydrationwarning="true"
  ><template shadowrootmode="open"
    ><!--r.X-->
    <ul c-id="X.0.0.0">
      <slot c-id="X.1.1.0"></slot></ul></template
></my-list>
"
`;

exports[`Static Declarative Shadow DOM (DSD) > should render DSD of 'nested-with-react' correctly 1`] = `
"<my-list class="hydrated" s-id="24" suppresshydrationwarning="true"
  ><template shadowrootmode="open"
    ><!--r.X-->
    <ul c-id="X.0.0.0">
      <slot c-id="X.1.1.0"></slot></ul></template
></my-list>
"
`;

exports[`Static Declarative Shadow DOM (DSD) > should render DSD of 'simple' correctly 1`] = `
"<my-button
  class="button button-solid hydrated my-activatable my-focusable"
  href="#"
  s-id="6"
  suppresshydrationwarning="true"
  ><template shadowrootmode="open"
    ><!--r.X--><a c-id="X.0.0.0" class="button-native" href="#">
      <span c-id="X.1.1.0" class="button-inner">
        <slot c-id="X.2.2.0" name="icon-only"></slot>
        <slot c-id="X.3.2.1" name="start"></slot>
        <slot c-id="X.4.2.2"></slot>
        <slot c-id="X.5.2.3" name="end"></slot>
      </span> </a></template
></my-button>
"
`;
